Archive member included to satisfy reference by file (symbol)

/Users/victormedeiros/esp/gps/build/cxx/libcxx.a(cxx_exception_stubs.o)
                              (__cxx_fatal_exception)
/Users/victormedeiros/esp/gps/build/cxx/libcxx.a(cxx_guards.o)
                              (__cxa_guard_dummy)
/Users/victormedeiros/esp/gps/build/esp32/libesp32.a(cpu_start.o)
                              (call_start_cpu0)
/Users/victormedeiros/esp/gps/build/esp32/libesp32.a(crosscore_int.o)
                              /Users/victormedeiros/esp/gps/build/esp32/libesp32.a(cpu_start.o) (esp_crosscore_int_init)
/Users/victormedeiros/esp/gps/build/esp32/libesp32.a(dbg_stubs.o)
                              /Users/victormedeiros/esp/gps/build/esp32/libesp32.a(cpu_start.o) (esp_dbg_stubs_init)
/Users/victormedeiros/esp/gps/build/esp32/libesp32.a(esp_timer.o)
                              /Users/victormedeiros/esp/gps/build/esp32/libesp32.a(cpu_start.o) (esp_timer_init)
/Users/victormedeiros/esp/gps/build/esp32/libesp32.a(esp_timer_esp32.o)
                              /Users/victormedeiros/esp/gps/build/esp32/libesp32.a(esp_timer.o) (esp_timer_impl_get_time)
/Users/victormedeiros/esp/gps/build/esp32/libesp32.a(int_wdt.o)
                              /Users/victormedeiros/esp/gps/build/esp32/libesp32.a(cpu_start.o) (esp_int_wdt_init)
/Users/victormedeiros/esp/gps/build/esp32/libesp32.a(intr_alloc.o)
                              /Users/victormedeiros/esp/gps/build/esp32/libesp32.a(esp_timer_esp32.o) (esp_intr_enable)
/Users/victormedeiros/esp/gps/build/esp32/libesp32.a(ipc.o)
                              /Users/victormedeiros/esp/gps/build/esp32/libesp32.a(intr_alloc.o) (esp_ipc_call_blocking)
/Users/victormedeiros/esp/gps/build/esp32/libesp32.a(panic.o)
                              /Users/victormedeiros/esp/gps/build/cxx/libcxx.a(cxx_exception_stubs.o) (abort)
/Users/victormedeiros/esp/gps/build/esp32/libesp32.a(task_wdt.o)
                              /Users/victormedeiros/esp/gps/build/esp32/libesp32.a(cpu_start.o) (esp_task_wdt_init)
/Users/victormedeiros/esp/gps/build/esp32/libesp32.a(dport_panic_highint_hdl.o)
                              (ld_include_panic_highint_hdl)
/Users/victormedeiros/esp/gps/build/esp32/libesp32.a(brownout.o)
                              /Users/victormedeiros/esp/gps/build/esp32/libesp32.a(cpu_start.o) (esp_brownout_init)
/Users/victormedeiros/esp/gps/build/esp32/libesp32.a(cache_err_int.o)
                              /Users/victormedeiros/esp/gps/build/esp32/libesp32.a(cpu_start.o) (esp_cache_err_int_init)
/Users/victormedeiros/esp/gps/build/esp32/libesp32.a(clk.o)
                              /Users/victormedeiros/esp/gps/build/esp32/libesp32.a(cpu_start.o) (esp_clk_init)
/Users/victormedeiros/esp/gps/build/esp32/libesp32.a(dport_access.o)
                              /Users/victormedeiros/esp/gps/build/esp32/libesp32.a(cache_err_int.o) (esp_dport_access_int_pause)
/Users/victormedeiros/esp/gps/build/esp32/libesp32.a(esp_err_to_name.o)
                              /Users/victormedeiros/esp/gps/build/esp32/libesp32.a(panic.o) (esp_err_to_name)
/Users/victormedeiros/esp/gps/build/esp32/libesp32.a(freertos_hooks.o)
                              /Users/victormedeiros/esp/gps/build/esp32/libesp32.a(task_wdt.o) (esp_register_freertos_idle_hook_for_cpu)
/Users/victormedeiros/esp/gps/build/esp32/libesp32.a(gdbstub.o)
                              /Users/victormedeiros/esp/gps/build/esp32/libesp32.a(panic.o) (esp_gdbstub_panic_handler)
/Users/victormedeiros/esp/gps/build/esp32/libesp32.a(pm_esp32.o)
                              /Users/victormedeiros/esp/gps/build/esp32/libesp32.a(freertos_hooks.o) (esp_pm_impl_waiti)
/Users/victormedeiros/esp/gps/build/esp32/libesp32.a(pm_locks.o)
                              /Users/victormedeiros/esp/gps/build/esp32/libesp32.a(pm_esp32.o) (esp_pm_lock_create)
/Users/victormedeiros/esp/gps/build/esp32/libesp32.a(system_api.o)
                              /Users/victormedeiros/esp/gps/build/esp32/libesp32.a(brownout.o) (esp_restart_noos)
/Users/victormedeiros/esp/esp-idf/components/esp32/libhal.a(int_asm--set_intclear.o)
                              /Users/victormedeiros/esp/gps/build/esp32/libesp32.a(intr_alloc.o) (xthal_set_intclear)
/Users/victormedeiros/esp/gps/build/freertos/libfreertos.a(FreeRTOS-openocd.o)
                              (uxTopUsedPriority)
/Users/victormedeiros/esp/gps/build/freertos/libfreertos.a(port.o)
                              /Users/victormedeiros/esp/gps/build/esp32/libesp32.a(panic.o) (xPortInterruptedFromISRContext)
/Users/victormedeiros/esp/gps/build/freertos/libfreertos.a(queue.o)
                              /Users/victormedeiros/esp/gps/build/esp32/libesp32.a(ipc.o) (xQueueGenericCreate)
/Users/victormedeiros/esp/gps/build/freertos/libfreertos.a(tasks.o)
                              /Users/victormedeiros/esp/gps/build/esp32/libesp32.a(system_api.o) (vTaskSuspendAll)
[...]
Memory Configuration

Name             Origin             Length             Attributes
iram0_0_seg      0x0000000040080000 0x0000000000020000 xr
iram0_2_seg      0x00000000400d0018 0x000000000032ffe8 xr
dram0_0_seg      0x000000003ffb0000 0x000000000002c200 rw
drom0_0_seg      0x000000003f400018 0x00000000003fffe8 r
rtc_iram_seg     0x00000000400c0000 0x0000000000002000 xrw
rtc_data_seg     0x000000003ff80000 0x0000000000002000 rw
rtc_slow_seg     0x0000000050000000 0x0000000000001000 rw
extern_ram_seg   0x000000003f800000 0x0000000000400000 xrw
*default*        0x0000000000000000 0xffffffffffffffff

Linker script and memory map

START GROUP
LOAD /Users/victormedeiros/esp/gps/build/app_trace/libapp_trace.a
LOAD /Users/victormedeiros/esp/gps/build/app_update/libapp_update.a
LOAD /Users/victormedeiros/esp/gps/build/asio/libasio.a
LOAD /Users/victormedeiros/esp/gps/build/bootloader_support/libbootloader_support.a
LOAD /Users/victormedeiros/esp/gps/build/bt/libbt.a
LOAD /Users/victormedeiros/esp/gps/build/coap/libcoap.a
LOAD /Users/victormedeiros/esp/gps/build/console/libconsole.a
LOAD /Users/victormedeiros/esp/gps/build/cxx/libcxx.a
LOAD /Users/victormedeiros/esp/gps/build/driver/libdriver.a
LOAD /Users/victormedeiros/esp/gps/build/esp-tls/libesp-tls.a
LOAD /Users/victormedeiros/esp/gps/build/esp32/libesp32.a
LOAD /Users/victormedeiros/esp/esp-idf/components/esp32/libhal.a
LOAD /Users/victormedeiros/esp/esp-idf/components/esp32/lib/libcore.a
LOAD /Users/victormedeiros/esp/esp-idf/components/esp32/lib/librtc.a
LOAD /Users/victormedeiros/esp/esp-idf/components/esp32/lib/libnet80211.a
LOAD /Users/victormedeiros/esp/esp-idf/components/esp32/lib/libpp.a
LOAD /Users/victormedeiros/esp/esp-idf/components/esp32/lib/libwpa.a
LOAD /Users/victormedeiros/esp/esp-idf/components/esp32/lib/libsmartconfig.a
LOAD /Users/victormedeiros/esp/esp-idf/components/esp32/lib/libcoexist.a
LOAD /Users/victormedeiros/esp/esp-idf/components/esp32/lib/libwps.a
LOAD /Users/victormedeiros/esp/esp-idf/components/esp32/lib/libwpa2.a
LOAD /Users/victormedeiros/esp/esp-idf/components/esp32/lib/libespnow.a
LOAD /Users/victormedeiros/esp/esp-idf/components/esp32/lib/libphy.a
LOAD /Users/victormedeiros/esp/esp-idf/components/esp32/lib/libmesh.a
LOAD /Users/victormedeiros/esp/gps/build/esp_adc_cal/libesp_adc_cal.a
LOAD /Users/victormedeiros/esp/gps/build/esp_event/libesp_event.a
LOAD /Users/victormedeiros/esp/gps/build/esp_http_client/libesp_http_client.a
LOAD /Users/victormedeiros/esp/gps/build/esp_http_server/libesp_http_server.a
LOAD /Users/victormedeiros/esp/gps/build/esp_https_ota/libesp_https_ota.a
LOAD /Users/victormedeiros/esp/gps/build/esp_ringbuf/libesp_ringbuf.a
LOAD /Users/victormedeiros/esp/gps/build/ethernet/libethernet.a
LOAD /Users/victormedeiros/esp/gps/build/expat/libexpat.a
LOAD /Users/victormedeiros/esp/gps/build/fatfs/libfatfs.a
LOAD /Users/victormedeiros/esp/gps/build/freemodbus/libfreemodbus.a
LOAD /Users/victormedeiros/esp/gps/build/freertos/libfreertos.a
LOAD /Users/victormedeiros/esp/gps/build/heap/libheap.a
LOAD /Users/victormedeiros/esp/gps/build/idf_test/libidf_test.a
LOAD /Users/victormedeiros/esp/gps/build/jsmn/libjsmn.a
LOAD /Users/victormedeiros/esp/gps/build/json/libjson.a
LOAD /Users/victormedeiros/esp/gps/build/libsodium/liblibsodium.a
LOAD /Users/victormedeiros/esp/gps/build/log/liblog.a
LOAD /Users/victormedeiros/esp/gps/build/lwip/liblwip.a
LOAD /Users/victormedeiros/esp/gps/build/main/libmain.a
LOAD /Users/victormedeiros/esp/gps/build/mbedtls/libmbedtls.a
LOAD /Users/victormedeiros/esp/gps/build/mdns/libmdns.a
LOAD /Users/victormedeiros/esp/gps/build/micro-ecc/libmicro-ecc.a
LOAD /Users/victormedeiros/esp/gps/build/minmea/libminmea.a
LOAD /Users/victormedeiros/esp/gps/build/mqtt/libmqtt.a
LOAD /Users/victormedeiros/esp/esp-idf/components/newlib/lib/libc.a
LOAD /Users/victormedeiros/esp/esp-idf/components/newlib/lib/libm.a
LOAD /Users/victormedeiros/esp/gps/build/newlib/libnewlib.a
LOAD /Users/victormedeiros/esp/gps/build/nghttp/libnghttp.a
LOAD /Users/victormedeiros/esp/gps/build/nvs_flash/libnvs_flash.a
LOAD /Users/victormedeiros/esp/gps/build/openssl/libopenssl.a
LOAD /Users/victormedeiros/esp/gps/build/protobuf-c/libprotobuf-c.a
LOAD /Users/victormedeiros/esp/gps/build/protocomm/libprotocomm.a
LOAD /Users/victormedeiros/esp/gps/build/pthread/libpthread.a
LOAD /Users/victormedeiros/esp/gps/build/sdmmc/libsdmmc.a
LOAD /Users/victormedeiros/esp/gps/build/smartconfig_ack/libsmartconfig_ack.a
LOAD /Users/victormedeiros/esp/gps/build/soc/libsoc.a
LOAD /Users/victormedeiros/esp/gps/build/spi_flash/libspi_flash.a
LOAD /Users/victormedeiros/esp/gps/build/spiffs/libspiffs.a
LOAD /Users/victormedeiros/esp/gps/build/tcp_transport/libtcp_transport.a
LOAD /Users/victormedeiros/esp/gps/build/tcpip_adapter/libtcpip_adapter.a
LOAD /Users/victormedeiros/esp/gps/build/ulp/libulp.a
LOAD /Users/victormedeiros/esp/gps/build/vfs/libvfs.a
LOAD /Users/victormedeiros/esp/gps/build/wear_levelling/libwear_levelling.a
LOAD /Users/victormedeiros/esp/gps/build/wifi_provisioning/libwifi_provisioning.a
LOAD /Users/victormedeiros/esp/gps/build/wpa_supplicant/libwpa_supplicant.a
LOAD /Users/victormedeiros/esp/gps/build/xtensa-debug-module/libxtensa-debug-module.a
LOAD /Users/victormedeiros/esp/xtensa-esp32-elf/bin/../lib/gcc/xtensa-esp32-elf/5.2.0/libgcc.a
LOAD /Users/victormedeiros/esp/xtensa-esp32-elf/bin/../lib/gcc/xtensa-esp32-elf/5.2.0/../../../../xtensa-esp32-elf/lib/libstdc++.a
LOAD /Users/victormedeiros/esp/xtensa-esp32-elf/bin/../lib/gcc/xtensa-esp32-elf/5.2.0/libgcov.a
END GROUP
                0x0000000040000000                _heap_end = 0x40000000
                0x000000003ff80000                _data_seg_org = ORIGIN (rtc_data_seg)

.rtc.text       0x00000000400c0000        0x0
                0x00000000400c0000                . = ALIGN (0x4)
 *(.rtc.literal .rtc.text)
 *rtc_wake_stub*.*(.literal .text .literal.* .text.*)
                0x00000000400c0000                _rtc_text_end = ABSOLUTE (.)

.rtc.dummy      0x000000003ff80000        0x0
                0x000000003ff80000                _rtc_dummy_start = ABSOLUTE (.)
                0x000000003ff80000                _rtc_fast_start = ABSOLUTE (.)
                0x0000000000000000                . = SIZEOF (.rtc.text)
                0x0000000000000000                _rtc_dummy_end = ABSOLUTE (.)

.rtc.force_fast
                0x000000003ff80000        0x0
                0x000000003ff80000                . = ALIGN (0x4)
                0x000000003ff80000                _rtc_force_fast_start = ABSOLUTE (.)
 *(.rtc.force_fast .rtc.force_fast.*)
                0x000000003ff80000                . = ALIGN (0x4)
                0x000000003ff80000                _rtc_force_fast_end = ABSOLUTE (.)

.rtc.data       0x0000000050000000        0x0
                0x0000000050000000                _rtc_data_start = ABSOLUTE (.)
 *(.rtc.data)
 *(.rtc.rodata)
 *rtc_wake_stub*.*(.data .rodata .data.* .rodata.* .bss .bss.*)
                0x0000000050000000                _rtc_data_end = ABSOLUTE (.)

.rtc.bss        0x0000000050000000        0x0
                0x0000000050000000                _rtc_bss_start = ABSOLUTE (.)
 *rtc_wake_stub*.*(.bss .bss.*)
 *rtc_wake_stub*.*(COMMON)
 *(.rtc.bss)
                0x0000000050000000                _rtc_bss_end = ABSOLUTE (.)

.rtc_noinit     0x0000000050000000        0x0
                0x0000000050000000                . = ALIGN (0x4)
                0x0000000050000000                _rtc_noinit_start = ABSOLUTE (.)
 *(.rtc_noinit .rtc_noinit.*)
                0x0000000050000000                . = ALIGN (0x4)
                0x0000000050000000                _rtc_noinit_end = ABSOLUTE (.)

.rtc.force_slow
                0x0000000050000000        0x0
                0x0000000050000000                . = ALIGN (0x4)
                0x0000000050000000                _rtc_force_slow_start = ABSOLUTE (.)
 *(.rtc.force_slow .rtc.force_slow.*)
                0x0000000050000000                . = ALIGN (0x4)
                0x0000000050000000                _rtc_force_slow_end = ABSOLUTE (.)
                0x0000000000000000                _rtc_slow_length = (ORIGIN (rtc_slow_seg) == ORIGIN (rtc_data_location))?(_rtc_force_slow_end - _rtc_data_start):(_rtc_force_slow_end - _rtc_force_slow_start)
                0x0000000000000000                _rtc_fast_length = (ORIGIN (rtc_slow_seg) == ORIGIN (rtc_data_location))?(_rtc_force_fast_end - _rtc_fast_start):(_rtc_noinit_end - _rtc_fast_start)
                0x0000000000000001                ASSERT ((_rtc_slow_length <= 0x1000), RTC_SLOW segment data does not fit.)
                0x0000000000000001                ASSERT ((_rtc_fast_length <= 0x2000), RTC_FAST segment data does not fit.)

.iram0.vectors  0x0000000040080000      0x400
                0x0000000040080000                _iram_start = ABSOLUTE (.)
                0x0000000040080000                _init_start = ABSOLUTE (.)
                0x0000000000000000                . = 0x0
 *(.WindowVectors.text)
 .WindowVectors.text
                0x0000000040080000      0x16a /Users/victormedeiros/esp/gps/build/freertos/libfreertos.a(xtensa_vectors.o)
                0x0000000040080000                _WindowOverflow4
                0x0000000040080040                _WindowUnderflow4
                0x0000000040080050                _xt_alloca_exc
                0x0000000040080080                _WindowOverflow8
                0x00000000400800c0                _WindowUnderflow8
                0x0000000040080100                _WindowOverflow12
                0x0000000040080140                _WindowUnderflow12
                0x0000000000000180                . = 0x180
 *fill*         0x000000004008016a       0x16 
 *(.Level2InterruptVector.text)
 .Level2InterruptVector.text
                0x0000000040080180        0x6 /Users/victormedeiros/esp/gps/build/freertos/libfreertos.a(xtensa_vectors.o)
                0x0000000040080180                _Level2Vector
                0x00000000000001c0                . = 0x1c0
 *fill*         0x0000000040080186       0x3a 
 *(.Level3InterruptVector.text)
 .Level3InterruptVector.text
                0x00000000400801c0        0x6 /Users/victormedeiros/esp/gps/build/freertos/libfreertos.a(xtensa_vectors.o)
                0x00000000400801c0                _Level3Vector
                0x0000000000000200                . = 0x200
 *fill*         0x00000000400801c6       0x3a 
 *(.Level4InterruptVector.text)
 .Level4InterruptVector.text
                0x0000000040080200        0x6 /Users/victormedeiros/esp/gps/build/freertos/libfreertos.a(xtensa_vectors.o)
                0x0000000040080200                _Level4Vector
                0x0000000000000240                . = 0x240
 *fill*         0x0000000040080206       0x3a 
 *(.Level5InterruptVector.text)
 .Level5InterruptVector.text
                0x0000000040080240        0x6 /Users/victormedeiros/esp/gps/build/freertos/libfreertos.a(xtensa_vectors.o)
                0x0000000040080240                _Level5Vector
                0x0000000000000280                . = 0x280
 *fill*         0x0000000040080246       0x3a 
 *(.DebugExceptionVector.text)
 .DebugExceptionVector.text
                0x0000000040080280        0x6 /Users/victormedeiros/esp/gps/build/freertos/libfreertos.a(xtensa_vectors.o)
                0x0000000040080280                _DebugExceptionVector
                0x00000000000002c0                . = 0x2c0
 *fill*         0x0000000040080286       0x3a 
 *(.NMIExceptionVector.text)
 .NMIExceptionVector.text
                0x00000000400802c0        0x6 /Users/victormedeiros/esp/gps/build/freertos/libfreertos.a(xtensa_vectors.o)
                0x00000000400802c0                _NMIExceptionVector
                0x0000000000000300                . = 0x300
 *fill*         0x00000000400802c6       0x3a 
 *(.KernelExceptionVector.text)
 .KernelExceptionVector.text
                0x0000000040080300        0x6 /Users/victormedeiros/esp/gps/build/freertos/libfreertos.a(xtensa_vectors.o)
                0x0000000040080300                _KernelExceptionVector
                0x0000000000000340                . = 0x340
 *fill*         0x0000000040080306       0x3a 
 *(.UserExceptionVector.text)
 .UserExceptionVector.text
                0x0000000040080340        0x6 /Users/victormedeiros/esp/gps/build/freertos/libfreertos.a(xtensa_vectors.o)
                0x0000000040080340                _UserExceptionVector
                0x00000000000003c0                . = 0x3c0
 *fill*         0x0000000040080346       0x7a 
 *(.DoubleExceptionVector.text)
 .DoubleExceptionVector.text
                0x00000000400803c0        0xf /Users/victormedeiros/esp/gps/build/freertos/libfreertos.a(xtensa_vectors.o)
                0x00000000400803c0                _DoubleExceptionVector
                0x0000000000000400                . = 0x400
 *fill*         0x00000000400803cf       0x31 
 *(.*Vector.literal)
 *(.UserEnter.literal)
 *(.UserEnter.text)
                0x0000000040080400                . = ALIGN (0x10)
 *(.entry.text)
 *(.init.literal)
 *(.init)
                0x0000000040080400                _init_end = ABSOLUTE (.)

.iram0.text     0x0000000040080400     0x91b0
                0x0000000040080400                _iram_text_start = ABSOLUTE (.)
 *(.iram1 .iram1.*)
 .iram1.literal
                0x0000000040080400       0x7c /Users/victormedeiros/esp/gps/build/esp32/libesp32.a(cpu_start.o)
                                        0x114 (size before relaxing)
 .iram1.literal
                0x000000004008047c       0x1c /Users/victormedeiros/esp/gps/build/esp32/libesp32.a(crosscore_int.o)
                                         0x40 (size before relaxing)
 .iram1.literal
                0x0000000040080498       0x30 /Users/victormedeiros/esp/gps/build/esp32/libesp32.a(esp_timer.o)
                                         0x70 (size before relaxing)
 .iram1.literal
                0x00000000400804c8       0x60 /Users/victormedeiros/esp/gps/build/esp32/libesp32.a(esp_timer_esp32.o)
                                         0xf8 (size before relaxing)
 .iram1.literal
                0x0000000040080528        0x8 /Users/victormedeiros/esp/gps/build/esp32/libesp32.a(int_wdt.o)
 .iram1.literal
                0x0000000040080530       0x20 /Users/victormedeiros/esp/gps/build/esp32/libesp32.a(intr_alloc.o)
                                         0x7c (size before relaxing)
 .iram1.literal
                0x0000000040080550       0x20 /Users/victormedeiros/esp/gps/build/esp32/libesp32.a(ipc.o)
                                         0x34 (size before relaxing)
 .iram1.literal
                0x0000000040080570        0x8 /Users/victormedeiros/esp/gps/build/esp32/libesp32.a(dport_panic_highint_hdl.o)
 .iram1.literal
                0x0000000040080578        0x8 /Users/victormedeiros/esp/gps/build/esp32/libesp32.a(clk.o)
                                         0x1c (size before relaxing)
 .iram1.literal
                0x0000000040080580        0x4 /Users/victormedeiros/esp/gps/build/esp32/libesp32.a(freertos_hooks.o)
 .iram1.literal
                0x0000000040080584       0x40 /Users/victormedeiros/esp/gps/build/esp32/libesp32.a(system_api.o)
                                         0x9c (size before relaxing)
 .iram1.literal
                0x00000000400805c4        0x4 /Users/victormedeiros/esp/gps/build/freertos/libfreertos.a(port.o)
 .iram1.literal
                0x00000000400805c8       0x44 /Users/victormedeiros/esp/gps/build/freertos/libfreertos.a(xtensa_vectors.o)
                                         0x68 (size before relaxing)
 .iram1.literal
                0x000000004008060c       0x58 /Users/victormedeiros/esp/gps/build/heap/libheap.a(heap_caps.o)
                                         0xb0 (size before relaxing)
 .iram1.literal
                0x0000000040080664       0x24 /Users/victormedeiros/esp/gps/build/log/liblog.a(log.o)
                                         0x48 (size before relaxing)
 .iram1.literal
                0x0000000040080688       0x14 /Users/victormedeiros/esp/gps/build/newlib/libnewlib.a(locks.o)
                                         0x90 (size before relaxing)
 .iram1.literal
                0x000000004008069c        0x8 /Users/victormedeiros/esp/gps/build/newlib/libnewlib.a(reent_init.o)
                                         0x10 (size before relaxing)
 .iram1.literal
                0x00000000400806a4        0x4 /Users/victormedeiros/esp/gps/build/newlib/libnewlib.a(syscalls.o)
                                         0x14 (size before relaxing)
 .iram1.literal
                0x00000000400806a8        0x4 /Users/victormedeiros/esp/gps/build/newlib/libnewlib.a(time.o)
                                         0x1c (size before relaxing)
 .iram1.literal
                0x00000000400806ac       0x1c /Users/victormedeiros/esp/gps/build/soc/libsoc.a(cpu_util.o)
                                         0x30 (size before relaxing)
 .iram1.literal
                0x00000000400806c8       0x1c /Users/victormedeiros/esp/gps/build/spi_flash/libspi_flash.a(cache_utils.o)
                                         0x54 (size before relaxing)
 .iram1.literal
                0x00000000400806e4       0x38 /Users/victormedeiros/esp/gps/build/spi_flash/libspi_flash.a(flash_ops.o)
                                         0xe4 (size before relaxing)
 .iram1.literal
                0x000000004008071c       0x54 /Users/victormedeiros/esp/gps/build/spi_flash/libspi_flash.a(flash_mmap.o)
                                        0x114 (size before relaxing)
 .literal.prvReturnItemByteBuf
                0x0000000040080770        0xc /Users/victormedeiros/esp/gps/build/esp_ringbuf/libesp_ringbuf.a(ringbuf.o)
                                         0x1c (size before relaxing)
 .literal.prvGetItemByteBuf
                0x000000004008077c        0x4 /Users/victormedeiros/esp/gps/build/esp_ringbuf/libesp_ringbuf.a(ringbuf.o)
                                         0x24 (size before relaxing)
 .literal.prvCheckItemFitsByteBuffer
                0x0000000040080780        0x4 /Users/victormedeiros/esp/gps/build/esp_ringbuf/libesp_ringbuf.a(ringbuf.o)
                                         0x14 (size before relaxing)
 .literal.prvReturnItemDefault
                0x0000000040080784        0x4 /Users/victormedeiros/esp/gps/build/esp_ringbuf/libesp_ringbuf.a(ringbuf.o)
                                         0x44 (size before relaxing)
 .literal.prvGetItemDefault
                0x0000000040080788        0x4 /Users/victormedeiros/esp/gps/build/esp_ringbuf/libesp_ringbuf.a(ringbuf.o)
                                         0x4c (size before relaxing)
 .literal.prvCheckItemFitsDefault
                0x000000004008078c        0x4 /Users/victormedeiros/esp/gps/build/esp_ringbuf/libesp_ringbuf.a(ringbuf.o)
                                         0x1c (size before relaxing)
 .literal.prvGetFreeSize
                0x0000000040080790        0x4 /Users/victormedeiros/esp/gps/build/esp_ringbuf/libesp_ringbuf.a(ringbuf.o)
                                         0x14 (size before relaxing)
 .literal.prvCopyItemByteBuf
                0x0000000040080794        0x4 /Users/victormedeiros/esp/gps/build/esp_ringbuf/libesp_ringbuf.a(ringbuf.o)
                                         0x1c (size before relaxing)
 .literal.prvCopyItemAllowSplit
                0x0000000040080798        0x4 /Users/victormedeiros/esp/gps/build/esp_ringbuf/libesp_ringbuf.a(ringbuf.o)
                                         0x2c (size before relaxing)
 .literal.prvCopyItemNoSplit
                0x000000004008079c        0x4 /Users/victormedeiros/esp/gps/build/esp_ringbuf/libesp_ringbuf.a(ringbuf.o)
                                         0x28 (size before relaxing)
 .literal.prvReceiveGeneric
                0x00000000400807a0        0x4 /Users/victormedeiros/esp/gps/build/esp_ringbuf/libesp_ringbuf.a(ringbuf.o)
                                         0x3c (size before relaxing)
 .literal.prvReceiveGenericFromISR
                0x00000000400807a4        0x4 /Users/victormedeiros/esp/gps/build/esp_ringbuf/libesp_ringbuf.a(ringbuf.o)
                                         0x2c (size before relaxing)
 .literal.xRingbufferCreate
                0x00000000400807a8       0x38 /Users/victormedeiros/esp/gps/build/esp_ringbuf/libesp_ringbuf.a(ringbuf.o)
                                         0x6c (size before relaxing)
 .literal.xRingbufferSend
                0x00000000400807e0        0x4 /Users/victormedeiros/esp/gps/build/esp_ringbuf/libesp_ringbuf.a(ringbuf.o)
                                         0x40 (size before relaxing)
 .literal.xRingbufferSendFromISR
                0x00000000400807e4        0x4 /Users/victormedeiros/esp/gps/build/esp_ringbuf/libesp_ringbuf.a(ringbuf.o)
                                         0x30 (size before relaxing)
 .literal.xRingbufferReceive
                0x00000000400807e8        0x4 /Users/victormedeiros/esp/gps/build/esp_ringbuf/libesp_ringbuf.a(ringbuf.o)
                                         0x18 (size before relaxing)
 .literal.xRingbufferReceiveFromISR
                0x00000000400807ec        0x4 /Users/victormedeiros/esp/gps/build/esp_ringbuf/libesp_ringbuf.a(ringbuf.o)
                                         0x18 (size before relaxing)
 .literal.vRingbufferReturnItem
                0x00000000400807f0        0x4 /Users/victormedeiros/esp/gps/build/esp_ringbuf/libesp_ringbuf.a(ringbuf.o)
                                         0x28 (size before relaxing)
 .literal.vRingbufferReturnItemFromISR
                0x00000000400807f4        0x4 /Users/victormedeiros/esp/gps/build/esp_ringbuf/libesp_ringbuf.a(ringbuf.o)
                                         0x28 (size before relaxing)
 .literal.vRingbufferDelete
                0x00000000400807f8        0x4 /Users/victormedeiros/esp/gps/build/esp_ringbuf/libesp_ringbuf.a(ringbuf.o)
                                         0x24 (size before relaxing)
 .literal.vPortTaskWrapper
                0x00000000400807fc        0x8 /Users/victormedeiros/esp/gps/build/freertos/libfreertos.a(port.o)
                                         0x18 (size before relaxing)
 .literal.pxPortInitialiseStack
                0x0000000040080804       0x14 /Users/victormedeiros/esp/gps/build/freertos/libfreertos.a(port.o)
                                         0x1c (size before relaxing)
 .literal.xPortStartScheduler
                0x0000000040080818        0x4 /Users/victormedeiros/esp/gps/build/freertos/libfreertos.a(port.o)
                                         0x14 (size before relaxing)
 .literal.xPortSysTickHandler
                0x000000004008081c        0x0 /Users/victormedeiros/esp/gps/build/freertos/libfreertos.a(port.o)
                                          0x8 (size before relaxing)
 .literal.vPortYieldOtherCore
                0x000000004008081c        0x0 /Users/victormedeiros/esp/gps/build/freertos/libfreertos.a(port.o)
                                          0x4 (size before relaxing)
 .literal.vPortReleaseTaskMPUSettings
                0x000000004008081c        0x0 /Users/victormedeiros/esp/gps/build/freertos/libfreertos.a(port.o)
                                          0x4 (size before relaxing)
 .literal.xPortInIsrContext
                0x000000004008081c        0x4 /Users/victormedeiros/esp/gps/build/freertos/libfreertos.a(port.o)
                                          0x8 (size before relaxing)
 .literal.vPortCPUInitializeMutex
                0x0000000040080820        0x4 /Users/victormedeiros/esp/gps/build/freertos/libfreertos.a(port.o)
 .literal.vPortCPUAcquireMutex
                0x0000000040080824        0x0 /Users/victormedeiros/esp/gps/build/freertos/libfreertos.a(port.o)
                                          0x4 (size before relaxing)
 .literal.vPortCPUReleaseMutex
                0x0000000040080824        0x0 /Users/victormedeiros/esp/gps/build/freertos/libfreertos.a(port.o)
                                          0x4 (size before relaxing)
 .literal.prvIsQueueFull
                0x0000000040080824        0x0 /Users/victormedeiros/esp/gps/build/freertos/libfreertos.a(queue.o)
                                          0x8 (size before relaxing)
 .literal.prvCopyDataToQueue
                0x0000000040080824        0x0 /Users/victormedeiros/esp/gps/build/freertos/libfreertos.a(queue.o)
                                          0xc (size before relaxing)
 .literal.prvNotifyQueueSetContainer
                0x0000000040080824       0x14 /Users/victormedeiros/esp/gps/build/freertos/libfreertos.a(queue.o)
                                         0x34 (size before relaxing)
 .literal.prvCopyDataFromQueue
                0x0000000040080838        0x0 /Users/victormedeiros/esp/gps/build/freertos/libfreertos.a(queue.o)
                                          0x4 (size before relaxing)
 .literal.xQueueGenericReset
                0x0000000040080838        0x4 /Users/victormedeiros/esp/gps/build/freertos/libfreertos.a(queue.o)
                                         0x30 (size before relaxing)
 .literal.prvInitialiseNewQueue
                0x000000004008083c        0x0 /Users/victormedeiros/esp/gps/build/freertos/libfreertos.a(queue.o)
                                          0x4 (size before relaxing)
 .literal.xQueueGenericCreate
                0x000000004008083c        0x4 /Users/victormedeiros/esp/gps/build/freertos/libfreertos.a(queue.o)
                                         0x1c (size before relaxing)
 .literal.xQueueGetMutexHolder
                0x0000000040080840        0x0 /Users/victormedeiros/esp/gps/build/freertos/libfreertos.a(queue.o)
                                          0x8 (size before relaxing)
 .literal.xQueueCreateCountingSemaphore
                0x0000000040080840        0x4 /Users/victormedeiros/esp/gps/build/freertos/libfreertos.a(queue.o)
                                         0x28 (size before relaxing)
 .literal.xQueueGenericSend
                0x0000000040080844        0x4 /Users/victormedeiros/esp/gps/build/freertos/libfreertos.a(queue.o)
                                         0x7c (size before relaxing)
 .literal.prvInitialiseMutex
                0x0000000040080848        0x0 /Users/victormedeiros/esp/gps/build/freertos/libfreertos.a(queue.o)
                                          0x8 (size before relaxing)
 .literal.xQueueCreateMutex
                0x0000000040080848        0x0 /Users/victormedeiros/esp/gps/build/freertos/libfreertos.a(queue.o)
                                          0x8 (size before relaxing)
 .literal.xQueueGiveMutexRecursive
                0x0000000040080848        0x4 /Users/victormedeiros/esp/gps/build/freertos/libfreertos.a(queue.o)
                                         0x1c (size before relaxing)
 .literal.xQueueGenericSendFromISR
                0x000000004008084c        0x4 /Users/victormedeiros/esp/gps/build/freertos/libfreertos.a(queue.o)
                                         0x3c (size before relaxing)
 .literal.xQueueGiveFromISR
                0x0000000040080850        0x4 /Users/victormedeiros/esp/gps/build/freertos/libfreertos.a(queue.o)
                                         0x30 (size before relaxing)
 .literal.xQueueGenericReceive
                0x0000000040080854        0x4 /Users/victormedeiros/esp/gps/build/freertos/libfreertos.a(queue.o)
                                         0x78 (size before relaxing)
 .literal.xQueueTakeMutexRecursive
                0x0000000040080858        0x4 /Users/victormedeiros/esp/gps/build/freertos/libfreertos.a(queue.o)
                                         0x1c (size before relaxing)
 .literal.xQueueReceiveFromISR
                0x000000004008085c        0x4 /Users/victormedeiros/esp/gps/build/freertos/libfreertos.a(queue.o)
                                         0x30 (size before relaxing)
 .literal.uxQueueSpacesAvailable
                0x0000000040080860        0x4 /Users/victormedeiros/esp/gps/build/freertos/libfreertos.a(queue.o)
                                         0x1c (size before relaxing)
 .literal.vQueueDelete
                0x0000000040080864        0x4 /Users/victormedeiros/esp/gps/build/freertos/libfreertos.a(queue.o)
                                         0x18 (size before relaxing)
 .literal.vQueueWaitForMessageRestricted
                0x0000000040080868        0x0 /Users/victormedeiros/esp/gps/build/freertos/libfreertos.a(queue.o)
                                          0xc (size before relaxing)
 .literal.prvResetNextTaskUnblockTime
                0x0000000040080868        0x8 /Users/victormedeiros/esp/gps/build/freertos/libfreertos.a(tasks.o)
 .literal.prvDeleteTLS
                0x0000000040080870       0x10 /Users/victormedeiros/esp/gps/build/freertos/libfreertos.a(tasks.o)
                                         0x18 (size before relaxing)
 .literal.prvInitialiseNewTask
                0x0000000040080880        0x0 /Users/victormedeiros/esp/gps/build/freertos/libfreertos.a(tasks.o)
                                         0x18 (size before relaxing)
 .literal.prvInitialiseTaskLists
                0x0000000040080880       0x1c /Users/victormedeiros/esp/gps/build/freertos/libfreertos.a(tasks.o)
                                         0x38 (size before relaxing)
 .literal.prvDeleteTCB
                0x000000004008089c        0x8 /Users/victormedeiros/esp/gps/build/freertos/libfreertos.a(tasks.o)
                                         0x2c (size before relaxing)
 .literal.prvAddCurrentTaskToDelayedList
                0x00000000400808a4        0x4 /Users/victormedeiros/esp/gps/build/freertos/libfreertos.a(tasks.o)
                                         0x1c (size before relaxing)
 .literal.taskYIELD_OTHER_CORE
                0x00000000400808a8        0x0 /Users/victormedeiros/esp/gps/build/freertos/libfreertos.a(tasks.o)
                                         0x10 (size before relaxing)
 .literal.vTaskSuspendAll
                0x00000000400808a8        0x4 /Users/victormedeiros/esp/gps/build/freertos/libfreertos.a(tasks.o)
                                          0x8 (size before relaxing)
 .literal.xTaskGetTickCount
                0x00000000400808ac        0x0 /Users/victormedeiros/esp/gps/build/freertos/libfreertos.a(tasks.o)
                                          0x4 (size before relaxing)
 .literal.xTaskGetIdleTaskHandleForCPU
                0x00000000400808ac        0xc /Users/victormedeiros/esp/gps/build/freertos/libfreertos.a(tasks.o)
                                         0x1c (size before relaxing)
 .literal.vTaskSwitchContext
                0x00000000400808b8       0x10 /Users/victormedeiros/esp/gps/build/freertos/libfreertos.a(tasks.o)
                                         0x30 (size before relaxing)
 .literal.vTaskSetTimeOutState
                0x00000000400808c8        0xc /Users/victormedeiros/esp/gps/build/freertos/libfreertos.a(tasks.o)
                                         0x20 (size before relaxing)
 .literal.xTaskGetCurrentTaskHandle
                0x00000000400808d4        0x0 /Users/victormedeiros/esp/gps/build/freertos/libfreertos.a(tasks.o)
                                          0x8 (size before relaxing)
 .literal.__getreent
                0x00000000400808d4        0x0 /Users/victormedeiros/esp/gps/build/freertos/libfreertos.a(tasks.o)
                                          0x8 (size before relaxing)
 .literal.pcTaskGetTaskName
                0x00000000400808d4        0x8 /Users/victormedeiros/esp/gps/build/freertos/libfreertos.a(tasks.o)
                                         0x1c (size before relaxing)
 .literal.xTaskGetAffinity
                0x00000000400808dc        0x0 /Users/victormedeiros/esp/gps/build/freertos/libfreertos.a(tasks.o)
                                          0x4 (size before relaxing)
 .literal.xTaskGetCurrentTaskHandleForCPU
                0x00000000400808dc        0x0 /Users/victormedeiros/esp/gps/build/freertos/libfreertos.a(tasks.o)
                                          0x4 (size before relaxing)
 .literal.xTaskGetSchedulerState
                0x00000000400808dc        0x4 /Users/victormedeiros/esp/gps/build/freertos/libfreertos.a(tasks.o)
                                          0xc (size before relaxing)
 .literal.vTaskEnterCritical
                0x00000000400808e0        0x0 /Users/victormedeiros/esp/gps/build/freertos/libfreertos.a(tasks.o)
                                          0x8 (size before relaxing)
 .literal.vTaskExitCritical
                0x00000000400808e0        0x0 /Users/victormedeiros/esp/gps/build/freertos/libfreertos.a(tasks.o)
                                          0xc (size before relaxing)
 .literal.prvAddNewTaskToReadyList
                0x00000000400808e0       0x10 /Users/victormedeiros/esp/gps/build/freertos/libfreertos.a(tasks.o)
                                         0x58 (size before relaxing)
 .literal.xTaskCreatePinnedToCore
                0x00000000400808f0        0x0 /Users/victormedeiros/esp/gps/build/freertos/libfreertos.a(tasks.o)
                                         0x18 (size before relaxing)
 .literal.vTaskStartScheduler
                0x00000000400808f0       0x10 /Users/victormedeiros/esp/gps/build/freertos/libfreertos.a(tasks.o)
                                         0x3c (size before relaxing)
 .literal.vTaskDelete
                0x0000000040080900        0x8 /Users/victormedeiros/esp/gps/build/freertos/libfreertos.a(tasks.o)
                                         0x5c (size before relaxing)
 .literal.prvCheckTasksWaitingTermination
                0x0000000040080908        0x8 /Users/victormedeiros/esp/gps/build/freertos/libfreertos.a(tasks.o)
                                         0x30 (size before relaxing)
 .literal.prvIdleTask
                0x0000000040080910        0x0 /Users/victormedeiros/esp/gps/build/freertos/libfreertos.a(tasks.o)
                                          0x8 (size before relaxing)
 .literal.xTaskIncrementTick
                0x0000000040080910        0xc /Users/victormedeiros/esp/gps/build/freertos/libfreertos.a(tasks.o)
                                         0x6c (size before relaxing)
 .literal.xTaskResumeAll
                0x000000004008091c        0x8 /Users/victormedeiros/esp/gps/build/freertos/libfreertos.a(tasks.o)
                                         0x5c (size before relaxing)
 .literal.vTaskPlaceOnEventList
                0x0000000040080924        0x8 /Users/victormedeiros/esp/gps/build/freertos/libfreertos.a(tasks.o)
                                         0x40 (size before relaxing)
 .literal.vTaskPlaceOnEventListRestricted
                0x000000004008092c        0x8 /Users/victormedeiros/esp/gps/build/freertos/libfreertos.a(tasks.o)
                                         0x38 (size before relaxing)
 .literal.xTaskRemoveFromEventList
                0x0000000040080934        0x8 /Users/victormedeiros/esp/gps/build/freertos/libfreertos.a(tasks.o)
                                         0x58 (size before relaxing)
 .literal.xTaskCheckForTimeOut
                0x000000004008093c        0xc /Users/victormedeiros/esp/gps/build/freertos/libfreertos.a(tasks.o)
                                         0x3c (size before relaxing)
 .literal.vTaskPriorityInherit
                0x0000000040080948        0x0 /Users/victormedeiros/esp/gps/build/freertos/libfreertos.a(tasks.o)
                                         0x28 (size before relaxing)
 .literal.xTaskPriorityDisinherit
                0x0000000040080948        0x8 /Users/victormedeiros/esp/gps/build/freertos/libfreertos.a(tasks.o)
                                         0x3c (size before relaxing)
 .literal.pvTaskIncrementMutexHeldCount
                0x0000000040080950        0x0 /Users/victormedeiros/esp/gps/build/freertos/libfreertos.a(tasks.o)
                                         0x10 (size before relaxing)
 .literal.prvGetNextExpireTime
                0x0000000040080950        0x4 /Users/victormedeiros/esp/gps/build/freertos/libfreertos.a(timers.o)
 .literal.prvInsertTimerInActiveList
                0x0000000040080954        0x4 /Users/victormedeiros/esp/gps/build/freertos/libfreertos.a(timers.o)
                                         0x10 (size before relaxing)
 .literal.prvCheckForValidListAndQueue
                0x0000000040080958       0x1c /Users/victormedeiros/esp/gps/build/freertos/libfreertos.a(timers.o)
                                         0x44 (size before relaxing)
 .literal.xTimerCreateTimerTask
                0x0000000040080974        0xc /Users/victormedeiros/esp/gps/build/freertos/libfreertos.a(timers.o)
                                         0x2c (size before relaxing)
 .literal.xTimerGenericCommand
                0x0000000040080980        0x0 /Users/victormedeiros/esp/gps/build/freertos/libfreertos.a(timers.o)
                                         0x14 (size before relaxing)
 .literal.prvSwitchTimerLists
                0x0000000040080980        0x4 /Users/victormedeiros/esp/gps/build/freertos/libfreertos.a(timers.o)
                                         0x28 (size before relaxing)
 .literal.prvSampleTimeNow
                0x0000000040080984        0x4 /Users/victormedeiros/esp/gps/build/freertos/libfreertos.a(timers.o)
                                          0xc (size before relaxing)
 .literal.prvProcessExpiredTimer
                0x0000000040080988        0x4 /Users/victormedeiros/esp/gps/build/freertos/libfreertos.a(timers.o)
                                         0x24 (size before relaxing)
 .literal.prvProcessTimerOrBlockTask
                0x000000004008098c        0x0 /Users/victormedeiros/esp/gps/build/freertos/libfreertos.a(timers.o)
                                         0x24 (size before relaxing)
 .literal.prvProcessReceivedCommands
                0x000000004008098c        0x8 /Users/victormedeiros/esp/gps/build/freertos/libfreertos.a(timers.o)
                                         0x40 (size before relaxing)
 .literal.prvTimerTask
                0x0000000040080994        0x0 /Users/victormedeiros/esp/gps/build/freertos/libfreertos.a(timers.o)
                                          0xc (size before relaxing)
 .literal._xt_tick_divisor_init
                0x0000000040080994        0x8 /Users/victormedeiros/esp/gps/build/freertos/libfreertos.a(xtensa_init.o)
                                          0xc (size before relaxing)
 .literal.xt_unhandled_interrupt
                0x000000004008099c        0x4 /Users/victormedeiros/esp/gps/build/freertos/libfreertos.a(xtensa_intr.o)
                                          0x8 (size before relaxing)
 .literal.xt_set_interrupt_handler
                0x00000000400809a0        0x8 /Users/victormedeiros/esp/gps/build/freertos/libfreertos.a(xtensa_intr.o)
                                          0xc (size before relaxing)
 .literal       0x00000000400809a8        0xc /Users/victormedeiros/esp/gps/build/freertos/libfreertos.a(portasm.o)
                                         0x54 (size before relaxing)
 .literal       0x00000000400809b4        0x0 /Users/victormedeiros/esp/gps/build/freertos/libfreertos.a(xtensa_context.o)
                                         0x10 (size before relaxing)
 .literal.get_prev_free_block
                0x00000000400809b4       0x10 /Users/victormedeiros/esp/gps/build/heap/libheap.a(multi_heap.o)
                                         0x28 (size before relaxing)
 .literal.split_if_necessary
                0x00000000400809c4       0x10 /Users/victormedeiros/esp/gps/build/heap/libheap.a(multi_heap.o)
                                         0x50 (size before relaxing)
 .literal.assert_valid_block
                0x00000000400809d4        0x0 /Users/victormedeiros/esp/gps/build/heap/libheap.a(multi_heap.o)
                                         0x2c (size before relaxing)
 .literal.merge_adjacent
                0x00000000400809d4        0x8 /Users/victormedeiros/esp/gps/build/heap/libheap.a(multi_heap.o)
                                         0x4c (size before relaxing)
 .literal.multi_heap_get_allocated_size_impl
                0x00000000400809dc        0x0 /Users/victormedeiros/esp/gps/build/heap/libheap.a(multi_heap.o)
                                         0x10 (size before relaxing)
 .literal.multi_heap_malloc_impl
                0x00000000400809dc        0x0 /Users/victormedeiros/esp/gps/build/heap/libheap.a(multi_heap.o)
                                         0x28 (size before relaxing)
 .literal.multi_heap_free_impl
                0x00000000400809dc        0x0 /Users/victormedeiros/esp/gps/build/heap/libheap.a(multi_heap.o)
                                         0x50 (size before relaxing)
 .literal.multi_heap_realloc_impl
                0x00000000400809dc        0x8 /Users/victormedeiros/esp/gps/build/heap/libheap.a(multi_heap.o)
                                         0x68 (size before relaxing)
 .literal.panicPutChar
                0x00000000400809e4        0x4 /Users/victormedeiros/esp/gps/build/esp32/libesp32.a(panic.o)
                                          0x8 (size before relaxing)
 .literal.panicPutStr
                0x00000000400809e8        0x0 /Users/victormedeiros/esp/gps/build/esp32/libesp32.a(panic.o)
                                          0x4 (size before relaxing)
 .literal.panicPutHex
                0x00000000400809e8        0x0 /Users/victormedeiros/esp/gps/build/esp32/libesp32.a(panic.o)
                                          0x8 (size before relaxing)
 .literal.panicPutDec
                0x00000000400809e8        0x4 /Users/victormedeiros/esp/gps/build/esp32/libesp32.a(panic.o)
                                         0x10 (size before relaxing)
 .literal.illegal_instruction_helper
                0x00000000400809ec       0x18 /Users/victormedeiros/esp/gps/build/esp32/libesp32.a(panic.o)
                                         0x3c (size before relaxing)
 .literal.reconfigureAllWdts
                0x0000000040080a04       0x10 /Users/victormedeiros/esp/gps/build/esp32/libesp32.a(panic.o)
                                         0x24 (size before relaxing)
 .literal.putEntry
                0x0000000040080a14        0xc /Users/victormedeiros/esp/gps/build/esp32/libesp32.a(panic.o)
                                         0x20 (size before relaxing)
 .literal.doBacktrace
                0x0000000040080a20       0x10 /Users/victormedeiros/esp/gps/build/esp32/libesp32.a(panic.o)
                                         0x24 (size before relaxing)
 .literal.invoke_abort
                0x0000000040080a30        0x4 /Users/victormedeiros/esp/gps/build/esp32/libesp32.a(panic.o)
                                          0x8 (size before relaxing)
 .literal.haltOtherCore
                0x0000000040080a34        0x0 /Users/victormedeiros/esp/gps/build/esp32/libesp32.a(panic.o)
                                          0x4 (size before relaxing)
 .literal.commonErrorHandler_dump
                0x0000000040080a34       0x28 /Users/victormedeiros/esp/gps/build/esp32/libesp32.a(panic.o)
                                         0x8c (size before relaxing)
 .literal.commonErrorHandler
                0x0000000040080a5c        0x8 /Users/victormedeiros/esp/gps/build/esp32/libesp32.a(panic.o)
                                         0x50 (size before relaxing)
 .literal.esp_error_check_failed_print
                0x0000000040080a64       0x14 /Users/victormedeiros/esp/gps/build/esp32/libesp32.a(panic.o)
                                         0x2c (size before relaxing)
 .literal.abort
                0x0000000040080a78        0x8 /Users/victormedeiros/esp/gps/build/esp32/libesp32.a(panic.o)
                                         0x18 (size before relaxing)
 .literal.vApplicationStackOverflowHook
                0x0000000040080a80        0x8 /Users/victormedeiros/esp/gps/build/esp32/libesp32.a(panic.o)
                                         0x18 (size before relaxing)
 .literal.panicHandler
                0x0000000040080a88       0x34 /Users/victormedeiros/esp/gps/build/esp32/libesp32.a(panic.o)
                                         0x9c (size before relaxing)
 .literal.xt_unhandled_exception
                0x0000000040080abc       0x18 /Users/victormedeiros/esp/gps/build/esp32/libesp32.a(panic.o)
                                         0x68 (size before relaxing)
 .literal._esp_error_check_failed
                0x0000000040080ad4        0x4 /Users/victormedeiros/esp/gps/build/esp32/libesp32.a(panic.o)
                                          0xc (size before relaxing)
 .literal.rtc_clk_32k_enable_common
                0x0000000040080ad8       0x14 /Users/victormedeiros/esp/gps/build/soc/libsoc.a(rtc_clk.o)
 .literal.rtc_clk_bbpll_disable
                0x0000000040080aec        0xc /Users/victormedeiros/esp/gps/build/soc/libsoc.a(rtc_clk.o)
                                         0x10 (size before relaxing)
 .literal.rtc_clk_bbpll_enable
                0x0000000040080af8        0x8 /Users/victormedeiros/esp/gps/build/soc/libsoc.a(rtc_clk.o)
                                         0x1c (size before relaxing)
 .literal.rtc_clk_32k_enable
                0x0000000040080b00        0x4 /Users/victormedeiros/esp/gps/build/soc/libsoc.a(rtc_clk.o)
                                          0xc (size before relaxing)
 .literal.rtc_clk_32k_enable_external
                0x0000000040080b04        0x0 /Users/victormedeiros/esp/gps/build/soc/libsoc.a(rtc_clk.o)
                                          0x4 (size before relaxing)
 .literal.rtc_clk_8m_enable
                0x0000000040080b04       0x10 /Users/victormedeiros/esp/gps/build/soc/libsoc.a(rtc_clk.o)
 .literal.rtc_clk_slow_freq_set
                0x0000000040080b14        0x0 /Users/victormedeiros/esp/gps/build/soc/libsoc.a(rtc_clk.o)
                                          0xc (size before relaxing)
 .literal.rtc_clk_slow_freq_get
                0x0000000040080b14        0x0 /Users/victormedeiros/esp/gps/build/soc/libsoc.a(rtc_clk.o)
                                          0x4 (size before relaxing)
 .literal.rtc_clk_slow_freq_get_hz
                0x0000000040080b14        0xc /Users/victormedeiros/esp/gps/build/soc/libsoc.a(rtc_clk.o)
                                         0x10 (size before relaxing)
 .literal.rtc_clk_fast_freq_set
                0x0000000040080b20        0x4 /Users/victormedeiros/esp/gps/build/soc/libsoc.a(rtc_clk.o)
                                          0xc (size before relaxing)
 .literal.rtc_clk_bbpll_configure
                0x0000000040080b24        0xc /Users/victormedeiros/esp/gps/build/soc/libsoc.a(rtc_clk.o)
                                         0x3c (size before relaxing)
 .literal.rtc_clk_xtal_freq_get
                0x0000000040080b30        0x8 /Users/victormedeiros/esp/gps/build/soc/libsoc.a(rtc_clk.o)
 .literal.rtc_clk_cpu_freq_mhz_to_config
                0x0000000040080b38        0x0 /Users/victormedeiros/esp/gps/build/soc/libsoc.a(rtc_clk.o)
                                          0x4 (size before relaxing)
 .literal.rtc_clk_cpu_freq_get_config
                0x0000000040080b38       0x10 /Users/victormedeiros/esp/gps/build/soc/libsoc.a(rtc_clk.o)
                                         0x30 (size before relaxing)
 .literal.rtc_clk_apb_freq_update
                0x0000000040080b48        0x4 /Users/victormedeiros/esp/gps/build/soc/libsoc.a(rtc_clk.o)
 .literal.rtc_clk_cpu_freq_to_xtal
                0x0000000040080b4c        0xc /Users/victormedeiros/esp/gps/build/soc/libsoc.a(rtc_clk.o)
                                         0x30 (size before relaxing)
 .literal.rtc_clk_cpu_freq_set_xtal
                0x0000000040080b58        0x0 /Users/victormedeiros/esp/gps/build/soc/libsoc.a(rtc_clk.o)
                                         0x10 (size before relaxing)
 .literal.rtc_clk_cpu_freq_to_pll_mhz
                0x0000000040080b58        0xc /Users/victormedeiros/esp/gps/build/soc/libsoc.a(rtc_clk.o)
                                         0x3c (size before relaxing)
 .literal.rtc_clk_cpu_freq_to_8m
                0x0000000040080b64        0x8 /Users/victormedeiros/esp/gps/build/soc/libsoc.a(rtc_clk.o)
                                         0x28 (size before relaxing)
 .literal.rtc_clk_cpu_freq_set_config
                0x0000000040080b6c        0x0 /Users/victormedeiros/esp/gps/build/soc/libsoc.a(rtc_clk.o)
                                         0x30 (size before relaxing)
 .literal.rtc_clk_apb_freq_get
                0x0000000040080b6c        0x4 /Users/victormedeiros/esp/gps/build/soc/libsoc.a(rtc_clk.o)
                                         0x10 (size before relaxing)
 .literal.rtc_init
                0x0000000040080b70       0x78 /Users/victormedeiros/esp/gps/build/soc/libsoc.a(rtc_init.o)
                                         0xb8 (size before relaxing)
 .literal.rtc_clk_cal_internal
                0x0000000040080be8       0x2c /Users/victormedeiros/esp/gps/build/soc/libsoc.a(rtc_time.o)
                                         0x68 (size before relaxing)
 .literal.rtc_clk_cal
                0x0000000040080c14        0x0 /Users/victormedeiros/esp/gps/build/soc/libsoc.a(rtc_time.o)
                                          0xc (size before relaxing)
 .literal.rtc_time_get
                0x0000000040080c14       0x10 /Users/victormedeiros/esp/gps/build/soc/libsoc.a(rtc_time.o)
                                         0x18 (size before relaxing)
 .literal.rtc_clk_wait_for_slow_cycle
                0x0000000040080c24        0x8 /Users/victormedeiros/esp/gps/build/soc/libsoc.a(rtc_time.o)
                                         0x20 (size before relaxing)
 .literal.rtc_wdt_get_protect_status
                0x0000000040080c2c        0x8 /Users/victormedeiros/esp/gps/build/soc/libsoc.a(rtc_wdt.o)
 .literal.rtc_wdt_protect_off
                0x0000000040080c34        0x0 /Users/victormedeiros/esp/gps/build/soc/libsoc.a(rtc_wdt.o)
                                          0x8 (size before relaxing)
 .literal.rtc_wdt_protect_on
                0x0000000040080c34        0x0 /Users/victormedeiros/esp/gps/build/soc/libsoc.a(rtc_wdt.o)
                                          0x4 (size before relaxing)
 .literal.rtc_wdt_enable
                0x0000000040080c34        0xc /Users/victormedeiros/esp/gps/build/soc/libsoc.a(rtc_wdt.o)
                                         0x10 (size before relaxing)
 .literal.rtc_wdt_flashboot_mode_enable
                0x0000000040080c40        0x0 /Users/victormedeiros/esp/gps/build/soc/libsoc.a(rtc_wdt.o)
                                          0x4 (size before relaxing)
 .literal.rtc_wdt_feed
                0x0000000040080c40        0x0 /Users/victormedeiros/esp/gps/build/soc/libsoc.a(rtc_wdt.o)
                                         0x14 (size before relaxing)
 .literal.rtc_wdt_set_time
                0x0000000040080c40       0x14 /Users/victormedeiros/esp/gps/build/soc/libsoc.a(rtc_wdt.o)
                                         0x20 (size before relaxing)
 .literal.rtc_wdt_set_stage
                0x0000000040080c54        0x8 /Users/victormedeiros/esp/gps/build/soc/libsoc.a(rtc_wdt.o)
                                         0x14 (size before relaxing)
 .literal.rtc_wdt_disable
                0x0000000040080c5c        0x0 /Users/victormedeiros/esp/gps/build/soc/libsoc.a(rtc_wdt.o)
                                         0x2c (size before relaxing)
 .literal.rtc_wdt_set_length_of_reset_signal
                0x0000000040080c5c        0x4 /Users/victormedeiros/esp/gps/build/soc/libsoc.a(rtc_wdt.o)
                                          0xc (size before relaxing)
 .literal.rtc_wdt_is_on
                0x0000000040080c60        0x0 /Users/victormedeiros/esp/gps/build/soc/libsoc.a(rtc_wdt.o)
                                          0x4 (size before relaxing)
 .literal       0x0000000040080c60        0x0 /Users/victormedeiros/esp/esp-idf/components/esp32/libhal.a(windowspill_asm.o)
                                          0x4 (size before relaxing)
 .literal.esp_rom_spiflash_read_status
                0x0000000040080c60       0x10 /Users/victormedeiros/esp/gps/build/spi_flash/libspi_flash.a(spi_flash_rom_patch.o)
                                         0x14 (size before relaxing)
 .literal.esp_rom_spiflash_wait_idle
                0x0000000040080c70        0x8 /Users/victormedeiros/esp/gps/build/spi_flash/libspi_flash.a(spi_flash_rom_patch.o)
                                          0xc (size before relaxing)
 .literal.esp_rom_spiflash_erase_block_internal
                0x0000000040080c78        0x4 /Users/victormedeiros/esp/gps/build/spi_flash/libspi_flash.a(spi_flash_rom_patch.o)
                                         0x18 (size before relaxing)
 .literal.esp_rom_spiflash_erase_sector_internal
                0x0000000040080c7c        0x0 /Users/victormedeiros/esp/gps/build/spi_flash/libspi_flash.a(spi_flash_rom_patch.o)
                                         0x18 (size before relaxing)
 .literal.esp_rom_spiflash_read_data
                0x0000000040080c7c        0x8 /Users/victormedeiros/esp/gps/build/spi_flash/libspi_flash.a(spi_flash_rom_patch.o)
                                         0x18 (size before relaxing)
 .literal.esp_rom_spiflash_enable_write
                0x0000000040080c84        0x0 /Users/victormedeiros/esp/gps/build/spi_flash/libspi_flash.a(spi_flash_rom_patch.o)
                                         0x10 (size before relaxing)
 .literal.esp_rom_spiflash_program_page_internal
                0x0000000040080c84        0x4 /Users/victormedeiros/esp/gps/build/spi_flash/libspi_flash.a(spi_flash_rom_patch.o)
                                         0x24 (size before relaxing)
 .literal.esp_rom_spiflash_read_statushigh
                0x0000000040080c88        0x4 /Users/victormedeiros/esp/gps/build/spi_flash/libspi_flash.a(spi_flash_rom_patch.o)
                                          0xc (size before relaxing)
 .literal.esp_rom_spiflash_write_status
                0x0000000040080c8c        0x4 /Users/victormedeiros/esp/gps/build/spi_flash/libspi_flash.a(spi_flash_rom_patch.o)
                                         0x14 (size before relaxing)
 .literal.esp_rom_spiflash_unlock
                0x0000000040080c90        0x8 /Users/victormedeiros/esp/gps/build/spi_flash/libspi_flash.a(spi_flash_rom_patch.o)
                                         0x28 (size before relaxing)
 .literal.esp_rom_spiflash_erase_block
                0x0000000040080c98        0xc /Users/victormedeiros/esp/gps/build/spi_flash/libspi_flash.a(spi_flash_rom_patch.o)
                                         0x20 (size before relaxing)
 .literal.esp_rom_spiflash_erase_sector
                0x0000000040080ca4        0x0 /Users/victormedeiros/esp/gps/build/spi_flash/libspi_flash.a(spi_flash_rom_patch.o)
                                         0x20 (size before relaxing)
 .literal.esp_rom_spiflash_write
                0x0000000040080ca4        0x0 /Users/victormedeiros/esp/gps/build/spi_flash/libspi_flash.a(spi_flash_rom_patch.o)
                                         0x28 (size before relaxing)
 .literal.esp_rom_spiflash_write_encrypted
                0x0000000040080ca4        0xc /Users/victormedeiros/esp/gps/build/spi_flash/libspi_flash.a(spi_flash_rom_patch.o)
                                         0x10 (size before relaxing)
 .literal.esp_rom_spiflash_read
                0x0000000040080cb0       0x30 /Users/victormedeiros/esp/gps/build/spi_flash/libspi_flash.a(spi_flash_rom_patch.o)
                                         0x5c (size before relaxing)
 .iram1         0x0000000040080ce0      0x192 /Users/victormedeiros/esp/gps/build/esp32/libesp32.a(cpu_start.o)
                                        0x1fa (size before relaxing)
                0x0000000040080ce0                start_cpu0
                0x0000000040080ce0                start_cpu0_default
                0x0000000040080dac                call_start_cpu0
 *fill*         0x0000000040080e72        0x2 
 .iram1         0x0000000040080e74       0xb0 /Users/victormedeiros/esp/gps/build/esp32/libesp32.a(crosscore_int.o)
                                         0xc0 (size before relaxing)
                0x0000000040080f0c                esp_crosscore_int_send_yield
                0x0000000040080f18                esp_crosscore_int_send_freq_switch
 .iram1         0x0000000040080f24      0x219 /Users/victormedeiros/esp/gps/build/esp32/libesp32.a(esp_timer.o)
                                        0x231 (size before relaxing)
                0x0000000040081054                esp_timer_stop
                0x0000000040081078                esp_timer_get_next_alarm
                0x0000000040081098                esp_timer_get_time
                0x00000000400810a8                esp_timer_start_once
                0x00000000400810ec                esp_timer_start_periodic
 *fill*         0x000000004008113d        0x3 
 .iram1         0x0000000040081140      0x4af /Users/victormedeiros/esp/gps/build/esp32/libesp32.a(esp_timer_esp32.o)
                                        0x4bb (size before relaxing)
                0x0000000040081264                esp_timer_impl_get_time
                0x00000000400813d4                esp_timer_impl_set_alarm
                0x000000004008151c                esp_timer_impl_update_apb_freq
                0x00000000400815e4                esp_timer_impl_get_min_period_us
 *fill*         0x00000000400815ef        0x1 
 .iram1         0x00000000400815f0       0x3b /Users/victormedeiros/esp/gps/build/esp32/libesp32.a(int_wdt.o)
 *fill*         0x000000004008162b        0x1 
 .iram1         0x000000004008162c      0x2b6 /Users/victormedeiros/esp/gps/build/esp32/libesp32.a(intr_alloc.o)
                                        0x2ce (size before relaxing)
                0x0000000040081668                esp_intr_set_in_iram
                0x00000000400816f0                esp_intr_enable
                0x0000000040081778                esp_intr_disable
                0x0000000040081840                esp_intr_noniram_disable
                0x000000004008188c                esp_intr_noniram_enable
                0x00000000400818cc                ets_isr_unmask
                0x00000000400818d8                ets_isr_mask
 *fill*         0x00000000400818e2        0x2 
 .iram1         0x00000000400818e4       0x7f /Users/victormedeiros/esp/gps/build/esp32/libesp32.a(ipc.o)
                                         0x8b (size before relaxing)
 *fill*         0x0000000040081963        0x1 
 .iram1         0x0000000040081964       0x73 /Users/victormedeiros/esp/gps/build/esp32/libesp32.a(dport_panic_highint_hdl.o)
                0x0000000040081964                xt_highint4
                0x00000000400819d7                ld_include_panic_highint_hdl
 *fill*         0x00000000400819d7        0x1 
 .iram1         0x00000000400819d8       0x42 /Users/victormedeiros/esp/gps/build/esp32/libesp32.a(clk.o)
                                         0x46 (size before relaxing)
                0x00000000400819d8                esp_clk_cpu_freq
                0x00000000400819e8                esp_clk_apb_freq
                0x0000000040081a00                esp_clk_xtal_freq
                0x0000000040081a10                ets_update_cpu_frequency
 *fill*         0x0000000040081a1a        0x2 
 .iram1         0x0000000040081a1c       0x27 /Users/victormedeiros/esp/gps/build/esp32/libesp32.a(freertos_hooks.o)
                0x0000000040081a1c                esp_vApplicationTickHook
 *fill*         0x0000000040081a43        0x1 
 .iram1         0x0000000040081a44      0x189 /Users/victormedeiros/esp/gps/build/esp32/libesp32.a(system_api.o)
                                        0x1c0 (size before relaxing)
                0x0000000040081a44                esp_restart_noos
                0x0000000040081bac                esp_restart
                0x0000000040081bac                system_restart
 *fill*         0x0000000040081bcd        0x3 
 .iram1         0x0000000040081bd0       0x1a /Users/victormedeiros/esp/gps/build/freertos/libfreertos.a(port.o)
                0x0000000040081bd0                xPortInterruptedFromISRContext
 *fill*         0x0000000040081bea        0x2 
 .iram1         0x0000000040081bec      0x4cc /Users/victormedeiros/esp/gps/build/freertos/libfreertos.a(xtensa_vectors.o)
                0x0000000040081bec                _xt_panic
                0x0000000040081d04                _xt_user_exit
                0x0000000040082000                _xt_medint2_exit
                0x00000000400820a4                _xt_medint3_exit
 .iram1         0x00000000400820b8      0x3f1 /Users/victormedeiros/esp/gps/build/heap/libheap.a(heap_caps.o)
                                        0x40d (size before relaxing)
                0x0000000040082148                heap_caps_malloc
                0x00000000400821e8                heap_caps_malloc_default
                0x000000004008222c                heap_caps_malloc_prefer
                0x0000000040082284                heap_caps_free
                0x00000000400822bc                heap_caps_realloc
                0x0000000040082368                heap_caps_realloc_default
                0x00000000400823c0                heap_caps_realloc_prefer
                0x0000000040082424                heap_caps_calloc
                0x0000000040082454                heap_caps_calloc_prefer
 *fill*         0x00000000400824a9        0x3 
 .iram1         0x00000000400824ac      0x184 /Users/victormedeiros/esp/gps/build/log/liblog.a(log.o)
                                        0x194 (size before relaxing)
                0x00000000400824ac                esp_log_write
                0x00000000400825dc                esp_log_early_timestamp
                0x00000000400825f8                esp_log_timestamp
 .iram1         0x0000000040082630      0x1cc /Users/victormedeiros/esp/gps/build/newlib/libnewlib.a(locks.o)
                                        0x210 (size before relaxing)
                0x0000000040082748                _lock_init
                0x0000000040082758                _lock_init_recursive
                0x0000000040082768                _lock_close_recursive
                0x0000000040082768                _lock_close
                0x00000000400827a4                _lock_acquire
                0x00000000400827b4                _lock_acquire_recursive
                0x00000000400827c4                _lock_try_acquire
                0x00000000400827d4                _lock_try_acquire_recursive
                0x00000000400827e4                _lock_release
                0x00000000400827f0                _lock_release_recursive
 .iram1         0x00000000400827fc       0x3c /Users/victormedeiros/esp/gps/build/newlib/libnewlib.a(reent_init.o)
                0x00000000400827fc                esp_reent_init
 .iram1         0x0000000040082838       0x5a /Users/victormedeiros/esp/gps/build/newlib/libnewlib.a(syscalls.o)
                                         0x62 (size before relaxing)
                0x0000000040082838                _malloc_r
                0x0000000040082844                _free_r
                0x0000000040082850                _realloc_r
                0x0000000040082864                _calloc_r
 *fill*         0x0000000040082892        0x2 
 .iram1         0x0000000040082894       0x6a /Users/victormedeiros/esp/gps/build/newlib/libnewlib.a(time.o)
                                         0x6e (size before relaxing)
                0x0000000040082894                _gettimeofday_r
                0x00000000400828dc                _times_r
 *fill*         0x00000000400828fe        0x2 
 .iram1         0x0000000040082900      0x11a /Users/victormedeiros/esp/gps/build/soc/libsoc.a(cpu_util.o)
                0x0000000040082900                esp_cpu_stall
                0x0000000040082994                esp_cpu_unstall
                0x00000000400829e8                esp_cpu_reset
                0x0000000040082a0c                esp_cpu_in_ocd_debug_mode
 *fill*         0x0000000040082a1a        0x2 
 .iram1         0x0000000040082a1c      0x135 /Users/victormedeiros/esp/gps/build/spi_flash/libspi_flash.a(cache_utils.o)
                                        0x145 (size before relaxing)
                0x0000000040082ae4                spi_flash_disable_interrupts_caches_and_other_cpu
                0x0000000040082af8                spi_flash_enable_interrupts_caches_and_other_cpu
                0x0000000040082b10                spi_flash_disable_interrupts_caches_and_other_cpu_no_os
                0x0000000040082b20                spi_flash_enable_interrupts_caches_no_os
                0x0000000040082b38                spi_flash_cache_enabled
 *fill*         0x0000000040082b51        0x3 
 .iram1         0x0000000040082b54      0x722 /Users/victormedeiros/esp/gps/build/spi_flash/libspi_flash.a(flash_ops.o)
                                        0x74a (size before relaxing)
                0x0000000040082bc4                spi_flash_guard_set
                0x0000000040082bd0                spi_flash_guard_get
                0x0000000040082bdc                spi_flash_get_chip_size
                0x0000000040082be8                spi_flash_erase_range
                0x0000000040082ca0                spi_flash_erase_sector
                0x0000000040082cc4                spi_flash_write
                0x0000000040082e8c                spi_flash_read
                0x0000000040083124                spi_flash_read_encrypted
                0x000000004008316c                spi_flash_write_encrypted
 *fill*         0x0000000040083276        0x2 
 .iram1         0x0000000040083278      0x530 /Users/victormedeiros/esp/gps/build/spi_flash/libspi_flash.a(flash_mmap.o)
                                        0x54c (size before relaxing)
                0x00000000400833a8                spi_flash_mmap_pages
                0x00000000400835a0                spi_flash_mmap
                0x0000000040083614                spi_flash_munmap
                0x00000000400836b8                spi_flash_mmap_get_free_pages
                0x0000000040083704                spi_flash_mark_modified_region
                0x0000000040083750                spi_flash_phys2cache
 *fill*         0x00000000400837a8        0x0 
 .iram1         0x00000000400837a8       0x20 /Users/victormedeiros/esp/gps/build/esp32/libesp32.a(dbg_stubs.o)
 *fill*         0x00000000400837c8        0x0 
 *fill*         0x00000000400837c8        0x0 
 *fill*         0x00000000400837c8        0x0 
 *fill*         0x00000000400837c8        0x0 
 *fill*         0x00000000400837c8        0x0 
 *fill*         0x00000000400837c8        0x0 
 *fill*         0x00000000400837c8        0x0 
 .iram1         0x00000000400837c8       0x6e /Users/victormedeiros/esp/gps/build/esp32/libesp32.a(dport_access.o)
                0x00000000400837c8                esp_dport_access_stall_other_cpu_start
                0x00000000400837d0                esp_dport_access_stall_other_cpu_end
                0x00000000400837d8                esp_dport_access_stall_other_cpu_start_wrap
                0x00000000400837e0                esp_dport_access_stall_other_cpu_end_wrap
                0x00000000400837e8                esp_dport_access_int_pause
                0x00000000400837f0                esp_dport_access_int_abort
                0x00000000400837f8                esp_dport_access_int_resume
                0x0000000040083800                esp_dport_access_read_buffer
                0x0000000040083820                esp_dport_access_reg_read
                0x000000004008382c                esp_dport_access_sequence_reg_read
 *fill*         0x0000000040083836        0x0 
 *fill*         0x0000000040083836        0x0 
 *fill*         0x0000000040083836        0x2 
 .iram1         0x0000000040083838       0x2e /Users/victormedeiros/esp/gps/build/freertos/libfreertos.a(xtensa_vector_defaults.o)
                0x0000000040083838                xt_debugexception
                0x0000000040083858                xt_highint5
                0x0000000040083860                _xt_nmi
                0x0000000040083860                xt_nmi
 *fill*         0x0000000040083866        0x0 
 *fill*         0x0000000040083866        0x0 
 *fill*         0x0000000040083866        0x0 
 *fill*         0x0000000040083866        0x0 
 *fill*         0x0000000040083866        0x0 
 *fill*         0x0000000040083866        0x0 
 *fill*         0x0000000040083866        0x0 
 *libesp_ringbuf.a:(.literal .text .literal.* .text.*)
 *fill*         0x0000000040083866        0x2 
 .text.prvReturnItemByteBuf
                0x0000000040083868       0x4c /Users/victormedeiros/esp/gps/build/esp_ringbuf/libesp_ringbuf.a(ringbuf.o)
                                         0x4f (size before relaxing)
 *fill*         0x00000000400838b4        0x0 
 .text.prvGetItemByteBuf
                0x00000000400838b4       0xd7 /Users/victormedeiros/esp/gps/build/esp_ringbuf/libesp_ringbuf.a(ringbuf.o)
                                         0xdb (size before relaxing)
 *fill*         0x000000004008398b        0x1 
 .text.prvCheckItemFitsByteBuffer
                0x000000004008398c       0x65 /Users/victormedeiros/esp/gps/build/esp_ringbuf/libesp_ringbuf.a(ringbuf.o)
 *fill*         0x00000000400839f1        0x3 
 .text.prvReturnItemDefault
                0x00000000400839f4      0x146 /Users/victormedeiros/esp/gps/build/esp_ringbuf/libesp_ringbuf.a(ringbuf.o)
                                        0x156 (size before relaxing)
 *fill*         0x0000000040083b3a        0x2 
 .text.prvGetItemDefault
                0x0000000040083b3c      0x146 /Users/victormedeiros/esp/gps/build/esp_ringbuf/libesp_ringbuf.a(ringbuf.o)
                                        0x152 (size before relaxing)
 *fill*         0x0000000040083c82        0x2 
 .text.prvCheckItemFitsDefault
                0x0000000040083c84       0xb1 /Users/victormedeiros/esp/gps/build/esp_ringbuf/libesp_ringbuf.a(ringbuf.o)
 *fill*         0x0000000040083d35        0x3 
 .text.prvGetFreeSize
                0x0000000040083d38       0x3c /Users/victormedeiros/esp/gps/build/esp_ringbuf/libesp_ringbuf.a(ringbuf.o)
                                         0x40 (size before relaxing)
 .text.prvCopyItemByteBuf
                0x0000000040083d74       0x7b /Users/victormedeiros/esp/gps/build/esp_ringbuf/libesp_ringbuf.a(ringbuf.o)
 *fill*         0x0000000040083def        0x1 
 .text.prvCopyItemAllowSplit
                0x0000000040083df0       0xef /Users/victormedeiros/esp/gps/build/esp_ringbuf/libesp_ringbuf.a(ringbuf.o)
                                         0xf3 (size before relaxing)
 *fill*         0x0000000040083edf        0x1 
 .text.prvCopyItemNoSplit
                0x0000000040083ee0       0xbc /Users/victormedeiros/esp/gps/build/esp_ringbuf/libesp_ringbuf.a(ringbuf.o)
 .text.prvReceiveGeneric
                0x0000000040083f9c      0x128 /Users/victormedeiros/esp/gps/build/esp_ringbuf/libesp_ringbuf.a(ringbuf.o)
                                        0x13c (size before relaxing)
 .text.prvReceiveGenericFromISR
                0x00000000400840c4       0xd9 /Users/victormedeiros/esp/gps/build/esp_ringbuf/libesp_ringbuf.a(ringbuf.o)
                                         0xe5 (size before relaxing)
 *fill*         0x000000004008419d        0x3 
 .text.xRingbufferCreate
                0x00000000400841a0      0x131 /Users/victormedeiros/esp/gps/build/esp_ringbuf/libesp_ringbuf.a(ringbuf.o)
                                        0x140 (size before relaxing)
                0x00000000400841a0                xRingbufferCreate
 *fill*         0x00000000400842d1        0x3 
 .text.xRingbufferSend
                0x00000000400842d4       0xfd /Users/victormedeiros/esp/gps/build/esp_ringbuf/libesp_ringbuf.a(ringbuf.o)
                                        0x111 (size before relaxing)
                0x00000000400842d4                xRingbufferSend
 *fill*         0x00000000400843d1        0x3 
 .text.xRingbufferSendFromISR
                0x00000000400843d4       0xb6 /Users/victormedeiros/esp/gps/build/esp_ringbuf/libesp_ringbuf.a(ringbuf.o)
                                         0xc6 (size before relaxing)
                0x00000000400843d4                xRingbufferSendFromISR
 *fill*         0x000000004008448a        0x2 
 .text.xRingbufferReceive
                0x000000004008448c       0x45 /Users/victormedeiros/esp/gps/build/esp_ringbuf/libesp_ringbuf.a(ringbuf.o)
                0x000000004008448c                xRingbufferReceive
 *fill*         0x00000000400844d1        0x3 
 .text.xRingbufferReceiveFromISR
                0x00000000400844d4       0x41 /Users/victormedeiros/esp/gps/build/esp_ringbuf/libesp_ringbuf.a(ringbuf.o)
                0x00000000400844d4                xRingbufferReceiveFromISR
 *fill*         0x0000000040084515        0x3 
 .text.vRingbufferReturnItem
                0x0000000040084518       0x5a /Users/victormedeiros/esp/gps/build/esp_ringbuf/libesp_ringbuf.a(ringbuf.o)
                                         0x66 (size before relaxing)
                0x0000000040084518                vRingbufferReturnItem
 *fill*         0x0000000040084572        0x2 
 .text.vRingbufferReturnItemFromISR
                0x0000000040084574       0x56 /Users/victormedeiros/esp/gps/build/esp_ringbuf/libesp_ringbuf.a(ringbuf.o)
                                         0x62 (size before relaxing)
                0x0000000040084574                vRingbufferReturnItemFromISR
 *fill*         0x00000000400845ca        0x2 
 .text.vRingbufferDelete
                0x00000000400845cc       0x43 /Users/victormedeiros/esp/gps/build/esp_ringbuf/libesp_ringbuf.a(ringbuf.o)
                                         0x46 (size before relaxing)
                0x00000000400845cc                vRingbufferDelete
 *fill*         0x000000004008460f        0x1 
 .text.prvCheckItemAvail
                0x0000000040084610       0x34 /Users/victormedeiros/esp/gps/build/esp_ringbuf/libesp_ringbuf.a(ringbuf.o)
 .text.prvGetCurMaxSizeNoSplit
                0x0000000040084644       0x3d /Users/victormedeiros/esp/gps/build/esp_ringbuf/libesp_ringbuf.a(ringbuf.o)
 *fill*         0x0000000040084681        0x3 
 .text.prvGetCurMaxSizeAllowSplit
                0x0000000040084684       0x4e /Users/victormedeiros/esp/gps/build/esp_ringbuf/libesp_ringbuf.a(ringbuf.o)
 *fill*         0x00000000400846d2        0x2 
 .text.prvGetCurMaxSizeByteBuf
                0x00000000400846d4       0x1e /Users/victormedeiros/esp/gps/build/esp_ringbuf/libesp_ringbuf.a(ringbuf.o)
 *fill*         0x00000000400846f2        0x0 
 *fill*         0x00000000400846f2        0x0 
 *fill*         0x00000000400846f2        0x0 
 *fill*         0x00000000400846f2        0x0 
 *fill*         0x00000000400846f2        0x0 
 *fill*         0x00000000400846f2        0x0 
 *fill*         0x00000000400846f2        0x0 
 *fill*         0x00000000400846f2        0x0 
 *fill*         0x00000000400846f2        0x0 
 *fill*         0x00000000400846f2        0x0 
 *fill*         0x00000000400846f2        0x0 
 *fill*         0x00000000400846f2        0x0 
 *fill*         0x00000000400846f2        0x0 
 *fill*         0x00000000400846f2        0x0 
 *fill*         0x00000000400846f2        0x0 
 *fill*         0x00000000400846f2        0x0 
 *libfreertos.a:(.literal .text .literal.* .text.*)
 *fill*         0x00000000400846f2        0x2 
 .text.vPortTaskWrapper
                0x00000000400846f4       0x26 /Users/victormedeiros/esp/gps/build/freertos/libfreertos.a(port.o)
                                         0x32 (size before relaxing)
 *fill*         0x000000004008471a        0x2 
 .text.pxPortInitialiseStack
                0x000000004008471c       0x8a /Users/victormedeiros/esp/gps/build/freertos/libfreertos.a(port.o)
                0x000000004008471c                pxPortInitialiseStack
 *fill*         0x00000000400847a6        0x2 
 .text.xPortStartScheduler
                0x00000000400847a8       0x22 /Users/victormedeiros/esp/gps/build/freertos/libfreertos.a(port.o)
                                         0x2e (size before relaxing)
                0x00000000400847a8                xPortStartScheduler
 *fill*         0x00000000400847ca        0x2 
 .text.xPortSysTickHandler
                0x00000000400847cc       0x10 /Users/victormedeiros/esp/gps/build/freertos/libfreertos.a(port.o)
                                         0x16 (size before relaxing)
                0x00000000400847cc                xPortSysTickHandler
 *fill*         0x00000000400847dc        0x0 
 .text.vPortYieldOtherCore
                0x00000000400847dc        0xa /Users/victormedeiros/esp/gps/build/freertos/libfreertos.a(port.o)
                                          0xe (size before relaxing)
                0x00000000400847dc                vPortYieldOtherCore
 *fill*         0x00000000400847e6        0x2 
 .text.vPortReleaseTaskMPUSettings
                0x00000000400847e8        0xa /Users/victormedeiros/esp/gps/build/freertos/libfreertos.a(port.o)
                                          0xe (size before relaxing)
                0x00000000400847e8                vPortReleaseTaskMPUSettings
 *fill*         0x00000000400847f2        0x2 
 .text.xPortInIsrContext
                0x00000000400847f4       0x26 /Users/victormedeiros/esp/gps/build/freertos/libfreertos.a(port.o)
                0x00000000400847f4                xPortInIsrContext
 *fill*         0x000000004008481a        0x2 
 .text.vPortCPUInitializeMutex
                0x000000004008481c        0xe /Users/victormedeiros/esp/gps/build/freertos/libfreertos.a(port.o)
                0x000000004008481c                vPortCPUInitializeMutex
 *fill*         0x000000004008482a        0x2 
 .text.vPortCPUAcquireMutex
                0x000000004008482c        0xe /Users/victormedeiros/esp/gps/build/freertos/libfreertos.a(port.o)
                0x000000004008482c                vPortCPUAcquireMutex
 *fill*         0x000000004008483a        0x2 
 .text.vPortCPUReleaseMutex
                0x000000004008483c        0xe /Users/victormedeiros/esp/gps/build/freertos/libfreertos.a(port.o)
                0x000000004008483c                vPortCPUReleaseMutex
 *fill*         0x000000004008484a        0x2 
 .text.prvIsQueueFull
                0x000000004008484c       0x2a /Users/victormedeiros/esp/gps/build/freertos/libfreertos.a(queue.o)
 *fill*         0x0000000040084876        0x2 
 .text.prvCopyDataToQueue
                0x0000000040084878       0x9e /Users/victormedeiros/esp/gps/build/freertos/libfreertos.a(queue.o)
 *fill*         0x0000000040084916        0x2 
 .text.prvNotifyQueueSetContainer
                0x0000000040084918       0x77 /Users/victormedeiros/esp/gps/build/freertos/libfreertos.a(queue.o)
                                         0x8a (size before relaxing)
 *fill*         0x000000004008498f        0x1 
 .text.prvCopyDataFromQueue
                0x0000000040084990       0x24 /Users/victormedeiros/esp/gps/build/freertos/libfreertos.a(queue.o)
 .text.xQueueGenericReset
                0x00000000400849b4       0x86 /Users/victormedeiros/esp/gps/build/freertos/libfreertos.a(queue.o)
                                         0x96 (size before relaxing)
                0x00000000400849b4                xQueueGenericReset
 *fill*         0x0000000040084a3a        0x2 
 .text.prvInitialiseNewQueue
                0x0000000040084a3c       0x1f /Users/victormedeiros/esp/gps/build/freertos/libfreertos.a(queue.o)
                                         0x23 (size before relaxing)
 *fill*         0x0000000040084a5b        0x1 
 .text.xQueueGenericCreate
                0x0000000040084a5c       0x49 /Users/victormedeiros/esp/gps/build/freertos/libfreertos.a(queue.o)
                                         0x4d (size before relaxing)
                0x0000000040084a5c                xQueueGenericCreate
 *fill*         0x0000000040084aa5        0x3 
 .text.xQueueGetMutexHolder
                0x0000000040084aa8       0x23 /Users/victormedeiros/esp/gps/build/freertos/libfreertos.a(queue.o)
                0x0000000040084aa8                xQueueGetMutexHolder
 *fill*         0x0000000040084acb        0x1 
 .text.xQueueCreateCountingSemaphore
                0x0000000040084acc       0x66 /Users/victormedeiros/esp/gps/build/freertos/libfreertos.a(queue.o)
                                         0x6a (size before relaxing)
                0x0000000040084acc                xQueueCreateCountingSemaphore
 *fill*         0x0000000040084b32        0x2 
 .text.xQueueGenericSend
                0x0000000040084b34      0x158 /Users/victormedeiros/esp/gps/build/freertos/libfreertos.a(queue.o)
                                        0x18c (size before relaxing)
                0x0000000040084b34                xQueueGenericSend
 .text.prvInitialiseMutex
                0x0000000040084c8c       0x22 /Users/victormedeiros/esp/gps/build/freertos/libfreertos.a(queue.o)
                                         0x26 (size before relaxing)
 *fill*         0x0000000040084cae        0x2 
 .text.xQueueCreateMutex
                0x0000000040084cb0       0x16 /Users/victormedeiros/esp/gps/build/freertos/libfreertos.a(queue.o)
                                         0x1a (size before relaxing)
                0x0000000040084cb0                xQueueCreateMutex
 *fill*         0x0000000040084cc6        0x2 
 .text.xQueueGiveMutexRecursive
                0x0000000040084cc8       0x48 /Users/victormedeiros/esp/gps/build/freertos/libfreertos.a(queue.o)
                                         0x4c (size before relaxing)
                0x0000000040084cc8                xQueueGiveMutexRecursive
 .text.xQueueGenericSendFromISR
                0x0000000040084d10       0xd6 /Users/victormedeiros/esp/gps/build/freertos/libfreertos.a(queue.o)
                                         0xe6 (size before relaxing)
                0x0000000040084d10                xQueueGenericSendFromISR
 *fill*         0x0000000040084de6        0x2 
 .text.xQueueGiveFromISR
                0x0000000040084de8       0xb6 /Users/victormedeiros/esp/gps/build/freertos/libfreertos.a(queue.o)
                                         0xc2 (size before relaxing)
                0x0000000040084de8                xQueueGiveFromISR
 *fill*         0x0000000040084e9e        0x2 
 .text.xQueueGenericReceive
                0x0000000040084ea0      0x144 /Users/victormedeiros/esp/gps/build/freertos/libfreertos.a(queue.o)
                                        0x178 (size before relaxing)
                0x0000000040084ea0                xQueueGenericReceive
 .text.xQueueTakeMutexRecursive
                0x0000000040084fe4       0x51 /Users/victormedeiros/esp/gps/build/freertos/libfreertos.a(queue.o)
                0x0000000040084fe4                xQueueTakeMutexRecursive
 *fill*         0x0000000040085035        0x3 
 .text.xQueueReceiveFromISR
                0x0000000040085038       0x96 /Users/victormedeiros/esp/gps/build/freertos/libfreertos.a(queue.o)
                                         0xa6 (size before relaxing)
                0x0000000040085038                xQueueReceiveFromISR
 *fill*         0x00000000400850ce        0x2 
 .text.uxQueueSpacesAvailable
                0x00000000400850d0       0x36 /Users/victormedeiros/esp/gps/build/freertos/libfreertos.a(queue.o)
                                         0x3e (size before relaxing)
                0x00000000400850d0                uxQueueSpacesAvailable
 *fill*         0x0000000040085106        0x2 
 .text.vQueueDelete
                0x0000000040085108       0x28 /Users/victormedeiros/esp/gps/build/freertos/libfreertos.a(queue.o)
                0x0000000040085108                vQueueDelete
 .text.vQueueWaitForMessageRestricted
                0x0000000040085130       0x23 /Users/victormedeiros/esp/gps/build/freertos/libfreertos.a(queue.o)
                                         0x2a (size before relaxing)
                0x0000000040085130                vQueueWaitForMessageRestricted
 *fill*         0x0000000040085153        0x1 
 .text.prvResetNextTaskUnblockTime
                0x0000000040085154       0x34 /Users/victormedeiros/esp/gps/build/freertos/libfreertos.a(tasks.o)
 .text.prvDeleteTLS
                0x0000000040085188       0x40 /Users/victormedeiros/esp/gps/build/freertos/libfreertos.a(tasks.o)
 .text.prvInitialiseNewTask
                0x00000000400851c8       0xc4 /Users/victormedeiros/esp/gps/build/freertos/libfreertos.a(tasks.o)
                                         0xd0 (size before relaxing)
 .text.prvInitialiseTaskLists
                0x000000004008528c       0x55 /Users/victormedeiros/esp/gps/build/freertos/libfreertos.a(tasks.o)
                                         0x65 (size before relaxing)
 *fill*         0x00000000400852e1        0x3 
 .text.prvDeleteTCB
                0x00000000400852e4       0x56 /Users/victormedeiros/esp/gps/build/freertos/libfreertos.a(tasks.o)
                                         0x5d (size before relaxing)
 *fill*         0x000000004008533a        0x2 
 .text.prvAddCurrentTaskToDelayedList
                0x000000004008533c       0x66 /Users/victormedeiros/esp/gps/build/freertos/libfreertos.a(tasks.o)
                                         0x6a (size before relaxing)
 *fill*         0x00000000400853a2        0x2 
 .text.taskYIELD_OTHER_CORE
                0x00000000400853a4       0x53 /Users/victormedeiros/esp/gps/build/freertos/libfreertos.a(tasks.o)
                0x00000000400853a4                taskYIELD_OTHER_CORE
 *fill*         0x00000000400853f7        0x1 
 .text.vTaskSuspendAll
                0x00000000400853f8       0x26 /Users/victormedeiros/esp/gps/build/freertos/libfreertos.a(tasks.o)
                0x00000000400853f8                vTaskSuspendAll
 *fill*         0x000000004008541e        0x2 
 .text.xTaskGetTickCount
                0x0000000040085420        0xd /Users/victormedeiros/esp/gps/build/freertos/libfreertos.a(tasks.o)
                0x0000000040085420                xTaskGetTickCount
 *fill*         0x000000004008542d        0x3 
 .text.xTaskGetIdleTaskHandleForCPU
                0x0000000040085430       0x2b /Users/victormedeiros/esp/gps/build/freertos/libfreertos.a(tasks.o)
                0x0000000040085430                xTaskGetIdleTaskHandleForCPU
 *fill*         0x000000004008545b        0x1 
 .text.vTaskSwitchContext
                0x000000004008545c      0x266 /Users/victormedeiros/esp/gps/build/freertos/libfreertos.a(tasks.o)
                                        0x26a (size before relaxing)
                0x000000004008545c                vTaskSwitchContext
 *fill*         0x00000000400856c2        0x2 
 .text.vTaskSetTimeOutState
                0x00000000400856c4       0x34 /Users/victormedeiros/esp/gps/build/freertos/libfreertos.a(tasks.o)
                0x00000000400856c4                vTaskSetTimeOutState
 .text.xTaskGetCurrentTaskHandle
                0x00000000400856f8       0x1f /Users/victormedeiros/esp/gps/build/freertos/libfreertos.a(tasks.o)
                0x00000000400856f8                xTaskGetCurrentTaskHandle
 *fill*         0x0000000040085717        0x1 
 .text.__getreent
                0x0000000040085718       0x19 /Users/victormedeiros/esp/gps/build/freertos/libfreertos.a(tasks.o)
                0x0000000040085718                __getreent
 *fill*         0x0000000040085731        0x3 
 .text.pcTaskGetTaskName
                0x0000000040085734       0x2a /Users/victormedeiros/esp/gps/build/freertos/libfreertos.a(tasks.o)
                                         0x2d (size before relaxing)
                0x0000000040085734                pcTaskGetTaskName
 *fill*         0x000000004008575e        0x2 
 .text.xTaskGetAffinity
                0x0000000040085760       0x10 /Users/victormedeiros/esp/gps/build/freertos/libfreertos.a(tasks.o)
                                         0x13 (size before relaxing)
                0x0000000040085760                xTaskGetAffinity
 *fill*         0x0000000040085770        0x0 
 .text.xTaskGetCurrentTaskHandleForCPU
                0x0000000040085770       0x17 /Users/victormedeiros/esp/gps/build/freertos/libfreertos.a(tasks.o)
                0x0000000040085770                xTaskGetCurrentTaskHandleForCPU
 *fill*         0x0000000040085787        0x1 
 .text.xTaskGetSchedulerState
                0x0000000040085788       0x37 /Users/victormedeiros/esp/gps/build/freertos/libfreertos.a(tasks.o)
                0x0000000040085788                xTaskGetSchedulerState
 *fill*         0x00000000400857bf        0x1 
 .text.vTaskEnterCritical
                0x00000000400857c0       0x3a /Users/victormedeiros/esp/gps/build/freertos/libfreertos.a(tasks.o)
                0x00000000400857c0                vTaskEnterCritical
 *fill*         0x00000000400857fa        0x2 
 .text.vTaskExitCritical
                0x00000000400857fc       0x36 /Users/victormedeiros/esp/gps/build/freertos/libfreertos.a(tasks.o)
                0x00000000400857fc                vTaskExitCritical
 *fill*         0x0000000040085832        0x2 
 .text.prvAddNewTaskToReadyList
                0x0000000040085834      0x124 /Users/victormedeiros/esp/gps/build/freertos/libfreertos.a(tasks.o)
                                        0x137 (size before relaxing)
 *fill*         0x0000000040085958        0x0 
 .text.xTaskCreatePinnedToCore
                0x0000000040085958       0x6e /Users/victormedeiros/esp/gps/build/freertos/libfreertos.a(tasks.o)
                                         0x76 (size before relaxing)
                0x0000000040085958                xTaskCreatePinnedToCore
 *fill*         0x00000000400859c6        0x2 
 .text.vTaskStartScheduler
                0x00000000400859c8       0x77 /Users/victormedeiros/esp/gps/build/freertos/libfreertos.a(tasks.o)
                                         0x82 (size before relaxing)
                0x00000000400859c8                vTaskStartScheduler
 *fill*         0x0000000040085a3f        0x1 
 .text.vTaskDelete
                0x0000000040085a40       0xd0 /Users/victormedeiros/esp/gps/build/freertos/libfreertos.a(tasks.o)
                                         0xec (size before relaxing)
                0x0000000040085a40                vTaskDelete
 .text.prvCheckTasksWaitingTermination
                0x0000000040085b10       0xaa /Users/victormedeiros/esp/gps/build/freertos/libfreertos.a(tasks.o)
                                         0xb2 (size before relaxing)
 *fill*         0x0000000040085bba        0x2 
 .text.prvIdleTask
                0x0000000040085bbc        0xc /Users/victormedeiros/esp/gps/build/freertos/libfreertos.a(tasks.o)
                                         0x12 (size before relaxing)
 *fill*         0x0000000040085bc8        0x0 
 .text.xTaskIncrementTick
                0x0000000040085bc8      0x1a6 /Users/victormedeiros/esp/gps/build/freertos/libfreertos.a(tasks.o)
                                        0x1ba (size before relaxing)
                0x0000000040085bc8                xTaskIncrementTick
 *fill*         0x0000000040085d6e        0x2 
 .text.xTaskResumeAll
                0x0000000040085d70      0x17b /Users/victormedeiros/esp/gps/build/freertos/libfreertos.a(tasks.o)
                                        0x18e (size before relaxing)
                0x0000000040085d70                xTaskResumeAll
 *fill*         0x0000000040085eeb        0x1 
 .text.vTaskPlaceOnEventList
                0x0000000040085eec       0x8f /Users/victormedeiros/esp/gps/build/freertos/libfreertos.a(tasks.o)
                                         0xa3 (size before relaxing)
                0x0000000040085eec                vTaskPlaceOnEventList
 *fill*         0x0000000040085f7b        0x1 
 .text.vTaskPlaceOnEventListRestricted
                0x0000000040085f7c       0x6b /Users/victormedeiros/esp/gps/build/freertos/libfreertos.a(tasks.o)
                                         0x7f (size before relaxing)
                0x0000000040085f7c                vTaskPlaceOnEventListRestricted
 *fill*         0x0000000040085fe7        0x1 
 .text.xTaskRemoveFromEventList
                0x0000000040085fe8      0x134 /Users/victormedeiros/esp/gps/build/freertos/libfreertos.a(tasks.o)
                                        0x143 (size before relaxing)
                0x0000000040085fe8                xTaskRemoveFromEventList
 *fill*         0x000000004008611c        0x0 
 .text.xTaskCheckForTimeOut
                0x000000004008611c       0x8b /Users/victormedeiros/esp/gps/build/freertos/libfreertos.a(tasks.o)
                                         0x96 (size before relaxing)
                0x000000004008611c                xTaskCheckForTimeOut
 *fill*         0x00000000400861a7        0x1 
 .text.vTaskPriorityInherit
                0x00000000400861a8       0xc4 /Users/victormedeiros/esp/gps/build/freertos/libfreertos.a(tasks.o)
                                         0xdb (size before relaxing)
                0x00000000400861a8                vTaskPriorityInherit
 *fill*         0x000000004008626c        0x0 
 .text.xTaskPriorityDisinherit
                0x000000004008626c       0x97 /Users/victormedeiros/esp/gps/build/freertos/libfreertos.a(tasks.o)
                                         0xaa (size before relaxing)
                0x000000004008626c                xTaskPriorityDisinherit
 *fill*         0x0000000040086303        0x1 
 .text.pvTaskIncrementMutexHeldCount
                0x0000000040086304       0x50 /Users/victormedeiros/esp/gps/build/freertos/libfreertos.a(tasks.o)
                                         0x54 (size before relaxing)
                0x0000000040086304                pvTaskIncrementMutexHeldCount
 .text.prvGetNextExpireTime
                0x0000000040086354       0x20 /Users/victormedeiros/esp/gps/build/freertos/libfreertos.a(timers.o)
 .text.prvInsertTimerInActiveList
                0x0000000040086374       0x50 /Users/victormedeiros/esp/gps/build/freertos/libfreertos.a(timers.o)
                                         0x54 (size before relaxing)
 .text.prvCheckForValidListAndQueue